== MOVES ==
== DROPS ==
16:15 LIVE-MASK [c:gc]
26:15 LIVE-MASK [c:gc]
35:18 LIVE-MASK [c:gc]
36:15 LIVE-MASK [c:gc]
== RC ==
15:3 ACQUIRE h.cache ELIDED
16:3 RELEASE c ELIDED
20:3 ACQUIRE h.cache KEPT
21:3 RELEASE c KEPT
21:10 ACQUIRE c KEPT
26:3 RELEASE c KEPT
34:3 ACQUIRE h.cache KEPT
36:3 RELEASE c KEPT
== RESIDUAL ==
