1:1 METHOD sync()
  2:3 DB_STUB IDENT(insert) IDENT(Product) LBRACE IDENT(sku) COLON STR(A1) COMMA IDENT(price) COLON INT(10) RBRACE
  3:3 DB_STUB IDENT(select) IDENT(Product) LBRACE IDENT(sku) EQEQ STR(A1) RBRACE
  4:3 LET rows = DB_STUB(IDENT(select) IDENT(Product) LBRACE IDENT(price) GT INT(5) RBRACE)
  5:3 DB_STUB KW_INSERT IDENT(Product) LBRACE IDENT(sku) COLON STR(A2) RBRACE
  6:3 DB_STUB KW_SELECT IDENT(Product) LBRACE IDENT(sku) EQEQ STR(A2) RBRACE
