1:1 INTERFACE Priced
  2:3 METHOD current_price() -> Int
6:1 CLASS Product @table(name="products", index=[sku])
  7:3 FIELD id: Id
  8:3 FIELD sku: Text @unique
  9:3 FIELD name: Text
  10:3 FIELD prices: multi Price
  11:3 FIELD owner: ref Customer
  13:3 METHOD current_price() -> Int
    14:5 RETURN latest(self.prices).amount
  17:3 METHOD rename(name: Text)
    18:5 ASSIGN self.name = name
  21:3 METHOD set_price(mut amount: Int)
    22:5 ASSIGN self.prices = amount
  25:3 METHOD adopt(take other: Product) -> Product
    26:5 RETURN other
30:1 CLASS PriceCache
  31:3 FIELD entries: map<Text, Int>
34:1 TYPE Note
  35:3 FIELD id: Id
  36:3 FIELD body: Text
  37:3 FIELD created: Timestamp = now()
40:1 METHOD discount(mut amount: Int, take pct: Int) -> Int
  41:3 RETURN amount
