1:58 NEWLINE
2:1 IDENT(self)
2:6 IDENT(me)
2:9 IDENT(subscribe)
2:19 IDENT(receive)
2:27 IDENT(insert)
2:34 IDENT(select)
2:40 NEWLINE
3:1 KW_TYPE
3:6 KW_CLASS
3:12 KW_INTERFACE
3:22 KW_FN
3:25 KW_LET
3:29 KW_MUT
3:33 KW_TAKE
3:38 KW_RETURN
3:45 KW_IF
3:48 KW_ELSE
3:53 KW_WHILE
3:59 KW_FOR
3:63 KW_IN
3:66 KW_TRUE
3:71 KW_FALSE
3:76 NEWLINE
4:1 KW_INSERT
4:8 KW_SELECT
4:14 NEWLINE
5:1 EOF
