1:71 NEWLINE
4:1 KW_FN
4:4 IDENT(page)
4:8 LPAREN
4:9 IDENT(name)
4:13 COLON
4:15 IDENT(Text)
4:19 RPAREN
4:21 ARROW
4:24 IDENT(Text)
4:29 LBRACE
4:30 NEWLINE
5:3 KW_LET
5:7 IDENT(one)
5:11 EQ
5:13 STR(<div>hi</div>)
5:28 NEWLINE
6:3 KW_LET
6:7 IDENT(verbatim)
6:16 EQ
6:18 STR(a"b\n)
6:25 NEWLINE
7:3 KW_LET
7:7 IDENT(block)
7:13 EQ
7:15 STR(<div class="card">
  many
  line
</div>
)
12:4 NEWLINE
13:3 KW_LET
13:7 IDENT(holes)
13:13 EQ
13:15 INTERP_STR(TEXT(<p>),EXPR(name),TEXT(),ESC( name ),TEXT(</p>))
13:41 NEWLINE
14:3 KW_RETURN
14:10 IDENT(block)
14:15 NEWLINE
15:1 RBRACE
15:2 NEWLINE
16:1 EOF
