== CONSTANTS ==
k0   TEXT "Item"
k1   TEXT "Bag"
k2   TEXT "touch"
k3   TEXT "pair"
k4   TEXT "fixed"
k5   TEXT "touch3"
k6   TEXT "triple"
k7   TEXT "write_through"
k8   TEXT "main"
k9   INT  0
k10  INT  1
k11  INT  5
k12  INT  2
k13  INT  3
== CLASSES ==
c0   Item flags=- fields=[SCALAR]
c1   Bag flags=- fields=[MULTI]
== INTERFACES ==
== VTABLES ==
== METHODS ==
m0   touch args=2 regs=4 [free fn]
  lines: 0->19
  drops: (none)
  0000  GETF      r2, r0, f0
  0001  GETF      r3, r1, f0
  0002  ADD       r2, r2, r3
  0003  RET       r2
m1   pair args=3 regs=9 [free fn]
  lines: 0->23
  drops: (none)
  0000  GETF      r7, r0, f0
  0001  MOVE      r8, r1
  0002  BUILTIN   r5, r7, multi_get
  0003  GETF      r7, r0, f0
  0004  MOVE      r8, r2
  0005  BUILTIN   r6, r7, multi_get
  0006  MOVE      r3, r5
  0007  MOVE      r4, r6
  0008  BORROW_X  r3
  0009  BORROW_X  r4
  0010  CALL      r5, m0
  0011  RELEASE_X r4
  0012  RELEASE_X r3
  0013  MOVE      r3, r5
  0014  RET       r3
m2   fixed args=1 regs=5 [free fn]
  lines: 0->27
  drops: (none)
  0000  GETF      r3, r0, f0
  0001  LOADK     r4, k9
  0002  BUILTIN   r1, r3, multi_get
  0003  GETF      r3, r0, f0
  0004  LOADK     r4, k10
  0005  BUILTIN   r2, r3, multi_get
  0006  CALL      r1, m0
  0007  RET       r1
m3   touch3 args=3 regs=7 [free fn]
  lines: 0->37
  drops: (none)
  0000  GETF      r4, r0, f0
  0001  GETF      r5, r1, f0
  0002  ADD       r3, r4, r5
  0003  GETF      r6, r2, f0
  0004  ADD       r3, r3, r6
  0005  RET       r3
m4   triple args=4 regs=12 [free fn]
  lines: 0->41
  drops: (none)
  0000  GETF      r10, r0, f0
  0001  MOVE      r11, r1
  0002  BUILTIN   r7, r10, multi_get
  0003  GETF      r10, r0, f0
  0004  MOVE      r11, r2
  0005  BUILTIN   r8, r10, multi_get
  0006  GETF      r10, r0, f0
  0007  MOVE      r11, r3
  0008  BUILTIN   r9, r10, multi_get
  0009  MOVE      r4, r7
  0010  MOVE      r5, r8
  0011  MOVE      r6, r9
  0012  BORROW_X  r4
  0013  BORROW_X  r5
  0014  BORROW_X  r6
  0015  CALL      r7, m3
  0016  RELEASE_X r6
  0017  RELEASE_X r5
  0018  RELEASE_X r4
  0019  MOVE      r4, r7
  0020  RET       r4
m5   write_through args=3 regs=7 [free fn]
  lines: 0->49 3->50 6->51 12->52
  drops: (none)
  0000  GETF      r4, r0, f0
  0001  MOVE      r5, r1
  0002  BUILTIN   r3, r4, multi_get
  0003  GETF      r5, r0, f0
  0004  MOVE      r6, r2
  0005  BUILTIN   r4, r5, multi_get
  0006  LOADK     r5, k11
  0007  BORROW_X  r4
  0008  BORROW_S  r3
  0009  SETF      r4, f0, r5
  0010  RELEASE_S r3
  0011  RELEASE_X r4
  0012  GETF      r5, r3, f0
  0013  RET       r5
m6   main args=0 regs=6 [free fn] [ENTRY]
  lines: 0->56 3->57 8->58 13->59 18->60 24->61 28->62 35->63 41->55
  drops: pc 3 owned={r0} gc={}
  drops: pc 42 owned={} gc={}
  0000  NEW       r0, c1
  0001  BUILTIN   r1, kinds=0x01, multi_new
  0002  SETF      r0, f0, r1
  0003  GETF      r1, r0, f0
  0004  NEW       r2, c0
  0005  LOADK     r3, k10
  0006  SETF      r2, f0, r3
  0007  BUILTIN   r1, r1, multi_push
  0008  GETF      r1, r0, f0
  0009  NEW       r2, c0
  0010  LOADK     r3, k12
  0011  SETF      r2, f0, r3
  0012  BUILTIN   r1, r1, multi_push
  0013  GETF      r1, r0, f0
  0014  NEW       r2, c0
  0015  LOADK     r3, k13
  0016  SETF      r2, f0, r3
  0017  BUILTIN   r1, r1, multi_push
  0018  MOVE      r2, r0
  0019  LOADK     r3, k9
  0020  LOADK     r4, k10
  0021  CALL      r2, m1
  0022  MOVE      r1, r2
  0023  BUILTIN   r1, r1, print_int
  0024  MOVE      r2, r0
  0025  CALL      r2, m2
  0026  MOVE      r1, r2
  0027  BUILTIN   r1, r1, print_int
  0028  MOVE      r2, r0
  0029  LOADK     r3, k9
  0030  LOADK     r4, k10
  0031  LOADK     r5, k12
  0032  CALL      r2, m4
  0033  MOVE      r1, r2
  0034  BUILTIN   r1, r1, print_int
  0035  MOVE      r2, r0
  0036  LOADK     r3, k9
  0037  LOADK     r4, k10
  0038  CALL      r2, m5
  0039  MOVE      r1, r2
  0040  BUILTIN   r1, r1, print_int
  0041  DROP      r0
  0042  RET0
== ENTRY ==
m6
